     VMA      LMA     Size Align Out     In      Symbol
       0        0 80200000     1 . = 0x80200000
80200000        0        0     1 __kernel_base = .
80200000 80200000      bea     4 .text
80200000 80200000        e     2         /tmp/kernel-831872.o:(.text.boot)
80200000 80200000        0     1                 
80200000 80200000        0     1                 
80200000 80200000        0     1                 
80200000 80200000        0     1                 
80200000 80200000        e     1                 boot
8020000e 8020000e        0     1                 
8020000e 8020000e        0     1                 
80200010 80200010      956     4         /tmp/kernel-831872.o:(.text)
80200010 80200010        0     1                 
80200010 80200010        0     1                 
80200010 80200010        0     1                 
80200010 80200010        0     1                 
80200010 80200010        6     1                 sbi_call
80200014 80200014        0     1                 
80200016 80200016        0     1                 
80200016 80200016        0     1                 
80200016 80200016        0     1                 
80200016 80200016        0     1                 
80200016 80200016        0     1                 
80200016 80200016        0     1                 
80200016 80200016       14     1                 putchar
80200028 80200028        0     1                 
80200028 80200028        0     1                 
8020002a 8020002a        0     1                 
8020002a 8020002a        0     1                 
8020002a 8020002a        0     1                 
8020002a 8020002a        0     1                 
8020002a 8020002a        0     1                 
8020002a 8020002a        0     1                 
8020002a 8020002a       16     1                 getchar
8020003e 8020003e        0     1                 
8020003e 8020003e        0     1                 
80200040 80200040        0     1                 
80200040 80200040        0     1                 
80200040 80200040        0     1                 
80200040 80200040        0     1                 
80200040 80200040        0     1                 
80200040 80200040       5a     1                 alloc_pages
80200042 80200042        0     1                 
80200042 80200042        0     1                 
80200046 80200046        0     1                 
8020004e 8020004e        0     1                 
80200052 80200052        0     1                 
80200056 80200056        0     1                 
8020005e 8020005e        0     1                 
80200062 80200062        0     1                 
80200066 80200066        0     1                 
80200082 80200082        0     1                 
80200084 80200084        0     1                 
80200090 80200090        0     1                 
80200090 80200090        0     1                 
8020009a 8020009a        0     1                 
8020009a 8020009a        0     1                 
8020009a 8020009a        0     1                 
8020009a 8020009a        0     1                 
8020009a 8020009a        0     1                 
8020009a 8020009a        0     1                 
8020009a 8020009a       46     1                 switch_context
802000e0 802000e0        0     1                 
802000e0 802000e0        0     1                 
802000e0 802000e0        0     1                 
802000e0 802000e0        0     1                 
802000e0 802000e0        0     1                 
802000e0 802000e0      1b2     1                 yield
802000ec 802000ec        0     1                 
802000f0 802000f0        0     1                 
80200102 80200102        0     1                 
80200110 80200110        0     1                 
80200112 80200112        0     1                 
80200116 80200116        0     1                 
80200118 80200118        0     1                 
8020011c 8020011c        0     1                 
8020011e 8020011e        0     1                 
80200122 80200122        0     1                 
80200126 80200126        0     1                 
80200132 80200132        0     1                 
8020013a 8020013a        0     1                 
8020013c 8020013c        0     1                 
80200140 80200140        0     1                 
80200142 80200142        0     1                 
80200146 80200146        0     1                 
8020014a 8020014a        0     1                 
8020015c 8020015c        0     1                 
8020016c 8020016c        0     1                 
80200170 80200170        0     1                 
80200174 80200174        0     1                 
80200176 80200176        0     1                 
8020017a 8020017a        0     1                 
8020017e 8020017e        0     1                 
8020018a 8020018a        0     1                 
80200192 80200192        0     1                 
80200194 80200194        0     1                 
80200198 80200198        0     1                 
8020019a 8020019a        0     1                 
8020019e 8020019e        0     1                 
802001a2 802001a2        0     1                 
802001b4 802001b4        0     1                 
802001c4 802001c4        0     1                 
802001c8 802001c8        0     1                 
802001cc 802001cc        0     1                 
802001ce 802001ce        0     1                 
802001d2 802001d2        0     1                 
802001d6 802001d6        0     1                 
802001e2 802001e2        0     1                 
802001ea 802001ea        0     1                 
802001ec 802001ec        0     1                 
802001f0 802001f0        0     1                 
802001f2 802001f2        0     1                 
802001f6 802001f6        0     1                 
802001fa 802001fa        0     1                 
8020020c 8020020c        0     1                 
8020021c 8020021c        0     1                 
80200220 80200220        0     1                 
80200224 80200224        0     1                 
80200226 80200226        0     1                 
8020022a 8020022a        0     1                 
8020022e 8020022e        0     1                 
8020023a 8020023a        0     1                 
80200242 80200242        0     1                 
80200244 80200244        0     1                 
80200248 80200248        0     1                 
8020024a 8020024a        0     1                 
8020024e 8020024e        0     1                 
80200250 80200250        0     1                 
80200254 80200254        0     1                 
8020025c 8020025c        0     1                 
8020025e 8020025e        0     1                 
80200264 80200264        0     1                 
8020026c 8020026c        0     1                 
80200270 80200270        0     1                 
80200274 80200274        0     1                 
80200278 80200278        0     1                 
80200288 80200288        0     1                 
80200288 80200288        0     1                 
80200290 80200290        0     1                 
80200292 80200292        0     1                 
80200292 80200292        0     1                 
80200292 80200292        0     1                 
80200292 80200292        0     1                 
80200292 80200292        0     1                 
80200292 80200292      10c     1                 map_page
80200294 80200294        0     1                 
802002a2 802002a2        0     1                 
802002a8 802002a8        0     1                 
802002ac 802002ac        0     1                 
802002ae 802002ae        0     1                 
802002cc 802002cc        0     1                 
802002ce 802002ce        0     1                 
802002d0 802002d0        0     1                 
802002d2 802002d2        0     1                 
802002d4 802002d4        0     1                 
802002f2 802002f2        0     1                 
802002f4 802002f4        0     1                 
802002f6 802002f6        0     1                 
802002fa 802002fa        0     1                 
802002fc 802002fc        0     1                 
80200304 80200304        0     1                 
80200308 80200308        0     1                 
80200310 80200310        0     1                 
80200312 80200312        0     1                 
80200312 80200312        0     1                 
8020031a 8020031a        0     1                 
8020031c 8020031c        0     1                 
8020031e 8020031e        0     1                 
80200326 80200326        0     1                 
8020032a 8020032a        0     1                 
8020032e 8020032e        0     1                 
8020034a 8020034a        0     1                 
8020034c 8020034c        0     1                 
8020035a 8020035a        0     1                 
8020035a 8020035a        0     1                 
80200362 80200362        0     1                 
80200366 80200366        0     1                 
8020036a 8020036a        0     1                 
8020036a 8020036a        0     1                 
8020036e 8020036e        0     1                 
80200376 80200376        0     1                 
8020037e 8020037e        0     1                 
8020038a 8020038a        0     1                 
8020038c 8020038c        0     1                 
8020039e 8020039e        0     1                 
8020039e 8020039e        0     1                 
8020039e 8020039e        0     1                 
8020039e 8020039e        0     1                 
8020039e 8020039e        0     1                 
8020039e 8020039e       14     1                 user_entry
802003a6 802003a6        0     1                 
802003b2 802003b2        0     1                 
802003b2 802003b2        0     1                 
802003b2 802003b2        0     1                 
802003b2 802003b2        0     1                 
802003b2 802003b2        0     1                 
802003b2 802003b2      2a0     1                 create_process
802003b4 802003b4        0     1                 
802003ce 802003ce        0     1                 
802003d6 802003d6        0     1                 
802003da 802003da        0     1                 
802003dc 802003dc        0     1                 
802003de 802003de        0     1                 
802003e4 802003e4        0     1                 
802003e6 802003e6        0     1                 
802003e8 802003e8        0     1                 
802003f8 802003f8        0     1                 
802003fa 802003fa        0     1                 
802003fc 802003fc        0     1                 
80200404 80200404        0     1                 
80200406 80200406        0     1                 
80200408 80200408        0     1                 
80200418 80200418        0     1                 
8020041a 8020041a        0     1                 
8020041c 8020041c        0     1                 
80200424 80200424        0     1                 
80200426 80200426        0     1                 
80200428 80200428        0     1                 
80200438 80200438        0     1                 
8020043a 8020043a        0     1                 
8020043c 8020043c        0     1                 
80200444 80200444        0     1                 
80200446 80200446        0     1                 
80200448 80200448        0     1                 
80200464 80200464        0     1                 
80200466 80200466        0     1                 
8020048a 8020048a        0     1                 
80200492 80200492        0     1                 
80200496 80200496        0     1                 
80200498 80200498        0     1                 
802004a0 802004a0        0     1                 
802004a2 802004a2        0     1                 
802004aa 802004aa        0     1                 
802004ac 802004ac        0     1                 
802004b0 802004b0        0     1                 
802004b4 802004b4        0     1                 
802004bc 802004bc        0     1                 
802004be 802004be        0     1                 
802004c6 802004c6        0     1                 
802004c8 802004c8        0     1                 
802004d0 802004d0        0     1                 
802004d2 802004d2        0     1                 
802004da 802004da        0     1                 
802004dc 802004dc        0     1                 
802004e4 802004e4        0     1                 
802004e6 802004e6        0     1                 
802004ee 802004ee        0     1                 
802004f0 802004f0        0     1                 
802004f8 802004f8        0     1                 
802004fa 802004fa        0     1                 
80200502 80200502        0     1                 
80200504 80200504        0     1                 
8020050c 8020050c        0     1                 
80200510 80200510        0     1                 
80200514 80200514        0     1                 
8020051c 8020051c        0     1                 
80200526 80200526        0     1                 
80200528 80200528        0     1                 
80200530 80200530        0     1                 
80200538 80200538        0     1                 
80200554 80200554        0     1                 
80200556 80200556        0     1                 
80200566 80200566        0     1                 
80200566 80200566        0     1                 
80200572 80200572        0     1                 
8020057a 8020057a        0     1                 
8020058a 8020058a        0     1                 
8020058a 8020058a        0     1                 
8020058c 8020058c        0     1                 
80200590 80200590        0     1                 
80200590 80200590        0     1                 
80200594 80200594        0     1                 
802005a8 802005a8        0     1                 
802005ac 802005ac        0     1                 
802005b4 802005b4        0     1                 
802005b8 802005b8        0     1                 
802005c6 802005c6        0     1                 
802005c6 802005c6        0     1                 
802005d6 802005d6        0     1                 
802005d6 802005d6        0     1                 
802005da 802005da        0     1                 
802005e8 802005e8        0     1                 
802005e8 802005e8        0     1                 
802005ea 802005ea        0     1                 
802005ee 802005ee        0     1                 
802005f2 802005f2        0     1                 
802005fa 802005fa        0     1                 
8020060a 8020060a        0     1                 
8020060c 8020060c        0     1                 
80200610 80200610        0     1                 
80200614 80200614        0     1                 
80200634 80200634        0     1                 
80200650 80200650        0     1                 
80200652 80200652        0     1                 
80200652 80200652        0     1                 
80200654 80200654        0     1                 
80200654 80200654        0     1                 
80200654 80200654        0     1                 
80200654 80200654        0     1                 
80200654 80200654       9c     1                 kernel_entry
802006f0 802006f0        0     1                 
802006f0 802006f0        0     1                 
802006f0 802006f0        0     1                 
802006f0 802006f0        0     1                 
802006f0 802006f0        0     1                 
802006f0 802006f0      112     1                 handle_syscall
802006f2 802006f2        0     1                 
802006f6 802006f6        0     1                 
802006f8 802006f8        0     1                 
8020071a 8020071a        0     1                 
8020071e 8020071e        0     1                 
80200720 80200720        0     1                 
80200724 80200724        0     1                 
80200726 80200726        0     1                 
8020072a 8020072a        0     1                 
8020072a 8020072a        0     1                 
8020073e 8020073e        0     1                 
80200742 80200742        0     1                 
8020074a 8020074a        0     1                 
8020074a 8020074a        0     1                 
8020075e 8020075e        0     1                 
80200762 80200762        0     1                 
8020077e 8020077e        0     1                 
8020077e 8020077e        0     1                 
80200782 80200782        0     1                 
80200782 80200782        0     1                 
80200794 80200794        0     1                 
80200794 80200794        0     1                 
8020079c 8020079c        0     1                 
802007a4 802007a4        0     1                 
802007a6 802007a6        0     1                 
802007b6 802007b6        0     1                 
802007b6 802007b6        0     1                 
802007bc 802007bc        0     1                 
802007be 802007be        0     1                 
802007c6 802007c6        0     1                 
802007c6 802007c6        0     1                 
802007e2 802007e2        0     1                 
802007e4 802007e4        0     1                 
80200800 80200800        0     1                 
80200802 80200802        0     1                 
80200802 80200802        0     1                 
80200802 80200802        0     1                 
80200802 80200802        0     1                 
80200802 80200802        0     1                 
80200802 80200802       50     1                 handle_trap
80200804 80200804        0     1                 
80200804 80200804        0     1                 
80200804 80200804        0     1                 
80200808 80200808        0     1                 
8020080c 8020080c        0     1                 
8020080c 8020080c        0     1                 
80200810 80200810        0     1                 
80200812 80200812        0     1                 
80200812 80200812        0     1                 
80200816 80200816        0     1                 
80200816 80200816        0     1                 
8020081a 8020081a        0     1                 
80200822 80200822        0     1                 
80200822 80200822        0     1                 
80200826 80200826        0     1                 
80200826 80200826        0     1                 
8020082a 8020082a        0     1                 
8020082a 8020082a        0     1                 
80200832 80200832        0     1                 
80200850 80200850        0     1                 
80200852 80200852        0     1                 
80200852 80200852        0     1                 
80200852 80200852        0     1                 
80200852 80200852        0     1                 
80200852 80200852        0     1                 
80200852 80200852       44     1                 proc_a_entry
80200854 80200854        0     1                 
80200854 80200854        0     1                 
8020085a 8020085a        0     1                 
8020086a 8020086a        0     1                 
8020086a 8020086a        0     1                 
8020087a 8020087a        0     1                 
80200884 80200884        0     1                 
80200884 80200884        0     1                 
8020088c 8020088c        0     1                 
8020088c 8020088c        0     1                 
8020088e 8020088e        0     1                 
8020088e 8020088e        0     1                 
80200890 80200890        0     1                 
80200892 80200892        0     1                 
80200896 80200896        0     1                 
80200896 80200896        0     1                 
80200896 80200896        0     1                 
80200896 80200896        0     1                 
80200896 80200896        0     1                 
80200896 80200896        0     1                 
80200896 80200896       44     1                 proc_b_entry
80200898 80200898        0     1                 
80200898 80200898        0     1                 
8020089e 8020089e        0     1                 
802008ae 802008ae        0     1                 
802008ae 802008ae        0     1                 
802008be 802008be        0     1                 
802008c8 802008c8        0     1                 
802008c8 802008c8        0     1                 
802008d0 802008d0        0     1                 
802008d0 802008d0        0     1                 
802008d2 802008d2        0     1                 
802008d2 802008d2        0     1                 
802008d4 802008d4        0     1                 
802008d6 802008d6        0     1                 
802008da 802008da        0     1                 
802008da 802008da        0     1                 
802008da 802008da        0     1                 
802008da 802008da        0     1                 
802008da 802008da        0     1                 
802008da 802008da        0     1                 
802008da 802008da       8c     1                 kernel_main
802008dc 802008dc        0     1                 
802008dc 802008dc        0     1                 
802008de 802008de        0     1                 
802008fc 802008fc        0     1                 
802008fc 802008fc        0     1                 
80200908 80200908        0     1                 
80200908 80200908        0     1                 
80200914 80200914        0     1                 
80200914 80200914        0     1                 
8020091e 8020091e        0     1                 
80200920 80200920        0     1                 
80200928 80200928        0     1                 
80200940 80200940        0     1                 
80200940 80200940        0     1                 
80200948 80200948        0     1                 
80200948 80200948        0     1                 
80200964 80200964        0     1                 
80200966 80200966        0     1                 
80200966 80200966        0     1                 
80200968 80200968      282     4         /tmp/common-2c08fb.o:(.text)
80200968 80200968        0     1                 
80200968 80200968        0     1                 
80200968 80200968        0     1                 
80200968 80200968      1f8     1                 printf
8020096a 8020096a        0     1                 
80200984 80200984        0     1                 
80200996 80200996        0     1                 
802009be 802009be        0     1                 
802009c2 802009c2        0     1                 
802009c4 802009c4        0     1                 
802009c8 802009c8        0     1                 
802009d0 802009d0        0     1                 
802009d8 802009d8        0     1                 
802009d8 802009d8        0     1                 
802009da 802009da        0     1                 
802009dc 802009dc        0     1                 
802009e0 802009e0        0     1                 
802009e2 802009e2        0     1                 
802009f2 802009f2        0     1                 
802009fe 802009fe        0     1                 
80200a02 80200a02        0     1                 
80200a04 80200a04        0     1                 
80200a0a 80200a0a        0     1                 
80200a12 80200a12        0     1                 
80200a12 80200a12        0     1                 
80200a1c 80200a1c        0     1                 
80200a1c 80200a1c        0     1                 
80200a20 80200a20        0     1                 
80200a26 80200a26        0     1                 
80200a2e 80200a2e        0     1                 
80200a2e 80200a2e        0     1                 
80200a32 80200a32        0     1                 
80200a34 80200a34        0     1                 
80200a3a 80200a3a        0     1                 
80200a42 80200a42        0     1                 
80200a42 80200a42        0     1                 
80200a46 80200a46        0     1                 
80200a48 80200a48        0     1                 
80200a4e 80200a4e        0     1                 
80200a56 80200a56        0     1                 
80200a56 80200a56        0     1                 
80200a5a 80200a5a        0     1                 
80200a5c 80200a5c        0     1                 
80200a62 80200a62        0     1                 
80200a6a 80200a6a        0     1                 
80200a6a 80200a6a        0     1                 
80200a6e 80200a6e        0     1                 
80200a70 80200a70        0     1                 
80200a76 80200a76        0     1                 
80200a7e 80200a7e        0     1                 
80200a7e 80200a7e        0     1                 
80200a82 80200a82        0     1                 
80200a84 80200a84        0     1                 
80200a8a 80200a8a        0     1                 
80200a92 80200a92        0     1                 
80200a92 80200a92        0     1                 
80200a96 80200a96        0     1                 
80200a98 80200a98        0     1                 
80200a9e 80200a9e        0     1                 
80200aa6 80200aa6        0     1                 
80200aa6 80200aa6        0     1                 
80200aaa 80200aaa        0     1                 
80200ab0 80200ab0        0     1                 
80200ab0 80200ab0        0     1                 
80200ab8 80200ab8        0     1                 
80200ab8 80200ab8        0     1                 
80200aba 80200aba        0     1                 
80200abc 80200abc        0     1                 
80200abc 80200abc        0     1                 
80200ac6 80200ac6        0     1                 
80200aca 80200aca        0     1                 
80200ad2 80200ad2        0     1                 
80200ade 80200ade        0     1                 
80200ade 80200ade        0     1                 
80200ae2 80200ae2        0     1                 
80200ae8 80200ae8        0     1                 
80200ae8 80200ae8        0     1                 
80200af4 80200af4        0     1                 
80200af4 80200af4        0     1                 
80200af8 80200af8        0     1                 
80200afa 80200afa        0     1                 
80200afe 80200afe        0     1                 
80200b00 80200b00        0     1                 
80200b04 80200b04        0     1                 
80200b08 80200b08        0     1                 
80200b0c 80200b0c        0     1                 
80200b0e 80200b0e        0     1                 
80200b12 80200b12        0     1                 
80200b16 80200b16        0     1                 
80200b22 80200b22        0     1                 
80200b22 80200b22        0     1                 
80200b2a 80200b2a        0     1                 
80200b30 80200b30        0     1                 
80200b36 80200b36        0     1                 
80200b42 80200b42        0     1                 
80200b42 80200b42        0     1                 
80200b60 80200b60        0     1                 
80200b60 80200b60        0     1                 
80200b60 80200b60        0     1                 
80200b60 80200b60        0     1                 
80200b60 80200b60        0     1                 
80200b60 80200b60        0     1                 
80200b60 80200b60       14     1                 memset
80200b62 80200b62        0     1                 
80200b64 80200b64        0     1                 
80200b66 80200b66        0     1                 
80200b6a 80200b6a        0     1                 
80200b6e 80200b6e        0     1                 
80200b70 80200b70        0     1                 
80200b72 80200b72        0     1                 
80200b74 80200b74        0     1                 
80200b74 80200b74        0     1                 
80200b74 80200b74        0     1                 
80200b74 80200b74        0     1                 
80200b74 80200b74        0     1                 
80200b74 80200b74        0     1                 
80200b74 80200b74       1a     1                 memcpy
80200b76 80200b76        0     1                 
80200b78 80200b78        0     1                 
80200b7c 80200b7c        0     1                 
80200b7e 80200b7e        0     1                 
80200b80 80200b80        0     1                 
80200b84 80200b84        0     1                 
80200b88 80200b88        0     1                 
80200b8a 80200b8a        0     1                 
80200b8c 80200b8c        0     1                 
80200b8e 80200b8e        0     1                 
80200b8e 80200b8e        0     1                 
80200b8e 80200b8e        0     1                 
80200b8e 80200b8e        0     1                 
80200b8e 80200b8e        0     1                 
80200b8e 80200b8e        0     1                 
80200b8e 80200b8e       24     1                 strcpy
80200b94 80200b94        0     1                 
80200b98 80200b98        0     1                 
80200b9a 80200b9a        0     1                 
80200b9e 80200b9e        0     1                 
80200ba2 80200ba2        0     1                 
80200ba6 80200ba6        0     1                 
80200ba8 80200ba8        0     1                 
80200baa 80200baa        0     1                 
80200bac 80200bac        0     1                 
80200bb0 80200bb0        0     1                 
80200bb2 80200bb2        0     1                 
80200bb2 80200bb2        0     1                 
80200bb2 80200bb2        0     1                 
80200bb2 80200bb2        0     1                 
80200bb2 80200bb2        0     1                 
80200bb2 80200bb2        0     1                 
80200bb2 80200bb2       38     1                 strcmp
80200bb6 80200bb6        0     1                 
80200bb8 80200bb8        0     1                 
80200bba 80200bba        0     1                 
80200bbe 80200bbe        0     1                 
80200bcc 80200bcc        0     1                 
80200bd0 80200bd0        0     1                 
80200bd4 80200bd4        0     1                 
80200bd6 80200bd6        0     1                 
80200bda 80200bda        0     1                 
80200bdc 80200bdc        0     1                 
80200be0 80200be0        0     1                 
80200be4 80200be4        0     1                 
80200be8 80200be8        0     1                 
80200bea 80200bea        0     1                 
80200bea 80200bea        0     1                 
80200bec 80200bec      188     4 .rodata
80200bec 80200bec      188     1         <internal>:(.rodata)
80200d74 80200d74    10450     4 .data
80200d74 80200d74    10450     1         shell.bin.o:(.data)
80200d74 80200d74        0     1                 _binary_shell_bin_start
802111c4 802111c4        0     1                 _binary_shell_bin_end
802111c4 802111c4        4     4 .sdata
802111c4 802111c4        4     4         /tmp/kernel-831872.o:(.sdata)
802111c4 802111c4        4     1                 alloc_pages.next_paddr
802111c8 802111c8    10090     4 .bss
802111c8 802111c8        0     1         __bss = .
802111c8 802111c8       10     4         /tmp/kernel-831872.o:(.sbss)
802111c8 802111c8        4     1                 idle_proc
802111cc 802111cc        4     1                 current_proc
802111d0 802111d0        4     1                 proc_a
802111d4 802111d4        4     1                 proc_b
802111d8 802111d8    10080     4         /tmp/kernel-831872.o:(.bss)
802111d8 802111d8    10080     1                 procs
80221258 80221258        0     1         __bss_end = .
80221258 80221258        0     1 . = ALIGN ( 4 )
80221258 80221258    20000     1 . += 128 * 1024
80241258 80241258        0     1 __stack_top = .
80241258 80241258      da8     1 . = ALIGN ( 4096 )
80242000 80242000        0     1 __free_ram = .
80242000 80242000  4000000     1 . += 64 * 1024 * 1024
84242000 84242000        0     1 __free_ram_end = .
       0        0      755     1 .debug_loclists
       0        0      51c     1         /tmp/kernel-831872.o:(.debug_loclists)
       c        c        0     1                 
     51c      51c      239     1         /tmp/common-2c08fb.o:(.debug_loclists)
     528      528        0     1                 
       0        0      3b0     1 .debug_abbrev
       0        0      2ab     1         /tmp/kernel-831872.o:(.debug_abbrev)
     2ab      2ab      105     1         /tmp/common-2c08fb.o:(.debug_abbrev)
       0        0      b3e     1 .debug_info
       0        0      926     1         /tmp/kernel-831872.o:(.debug_info)
     926      926      218     1         /tmp/common-2c08fb.o:(.debug_info)
       0        0       bb     1 .debug_rnglists
       0        0       a0     1         /tmp/kernel-831872.o:(.debug_rnglists)
       c        c        0     1                 
      a0       a0       1b     1         /tmp/common-2c08fb.o:(.debug_rnglists)
      ac       ac        0     1                 
       0        0      258     1 .debug_str_offsets
       0        0      1c8     1         /tmp/kernel-831872.o:(.debug_str_offsets)
       8        8        0     1                 
     1c8      1c8       90     1         /tmp/common-2c08fb.o:(.debug_str_offsets)
     1d0      1d0        0     1                 
       0        0      34c     1 .debug_str
       0        0      34c     1         <internal>:(.debug_str)
       0        0      164     1 .debug_addr
       0        0      108     1         /tmp/kernel-831872.o:(.debug_addr)
       8        8        0     1                 
     108      108       5c     1         /tmp/common-2c08fb.o:(.debug_addr)
     110      110        0     1                 
       0        0       37     1 .comment
       0        0       37     1         <internal>:(.comment)
       0        0       2b     1 .riscv.attributes
       0        0       2b     1         /tmp/kernel-831872.o:(.riscv.attributes)
       0        0      204     4 .debug_frame
       0        0      180     4         /tmp/kernel-831872.o:(.debug_frame)
       0        0        0     1                 
     180      180       84     4         /tmp/common-2c08fb.o:(.debug_frame)
     180      180        0     1                 
       0        0      df7     1 .debug_line
       0        0      9a5     1         /tmp/kernel-831872.o:(.debug_line)
       0        0        0     1                 .Lline_table_start0
     9a5      9a5      452     1         /tmp/common-2c08fb.o:(.debug_line)
     9a5      9a5        0     1                 .Lline_table_start0
       0        0       3b     1 .debug_line_str
       0        0       3b     1         <internal>:(.debug_line_str)
       0        0     3010     4 .symtab
       0        0     3010     4         <internal>:(.symtab)
       0        0       e3     1 .shstrtab
       0        0       e3     1         <internal>:(.shstrtab)
       0        0      1d9     1 .strtab
       0        0      1d9     1         <internal>:(.strtab)
