     VMA      LMA     Size Align Out     In      Symbol
       0        0 80200000     1 . = 0x80200000
80200000        0        0     1 __kernel_base = .
80200000 80200000      a1e     4 .text
80200000 80200000        e     2         /tmp/kernel-e08076.o:(.text.boot)
80200000 80200000        0     1                 
80200000 80200000        0     1                 
80200000 80200000        0     1                 
80200000 80200000        0     1                 
80200000 80200000        e     1                 boot
8020000e 8020000e        0     1                 
8020000e 8020000e        0     1                 
80200010 80200010      78a     4         /tmp/kernel-e08076.o:(.text)
80200010 80200010        0     1                 
80200010 80200010        0     1                 
80200010 80200010        0     1                 
80200010 80200010        0     1                 
80200010 80200010        6     1                 sbi_call
80200014 80200014        0     1                 
80200016 80200016        0     1                 
80200016 80200016        0     1                 
80200016 80200016        0     1                 
80200016 80200016        0     1                 
80200016 80200016        0     1                 
80200016 80200016        0     1                 
80200016 80200016       14     1                 putchar
80200028 80200028        0     1                 
80200028 80200028        0     1                 
8020002a 8020002a        0     1                 
8020002a 8020002a        0     1                 
8020002a 8020002a        0     1                 
8020002a 8020002a        0     1                 
8020002a 8020002a        0     1                 
8020002a 8020002a       5a     1                 alloc_pages
8020002c 8020002c        0     1                 
8020002c 8020002c        0     1                 
80200030 80200030        0     1                 
80200038 80200038        0     1                 
8020003c 8020003c        0     1                 
80200040 80200040        0     1                 
80200048 80200048        0     1                 
8020004c 8020004c        0     1                 
80200050 80200050        0     1                 
8020006c 8020006c        0     1                 
8020006e 8020006e        0     1                 
8020007a 8020007a        0     1                 
8020007a 8020007a        0     1                 
80200084 80200084        0     1                 
80200084 80200084        0     1                 
80200084 80200084        0     1                 
80200084 80200084        0     1                 
80200084 80200084        0     1                 
80200084 80200084        0     1                 
80200084 80200084       46     1                 switch_context
802000ca 802000ca        0     1                 
802000ca 802000ca        0     1                 
802000ca 802000ca        0     1                 
802000ca 802000ca        0     1                 
802000ca 802000ca        0     1                 
802000ca 802000ca      1b2     1                 yield
802000d6 802000d6        0     1                 
802000da 802000da        0     1                 
802000ec 802000ec        0     1                 
802000fa 802000fa        0     1                 
802000fc 802000fc        0     1                 
80200100 80200100        0     1                 
80200102 80200102        0     1                 
80200106 80200106        0     1                 
80200108 80200108        0     1                 
8020010c 8020010c        0     1                 
80200110 80200110        0     1                 
8020011c 8020011c        0     1                 
80200124 80200124        0     1                 
80200126 80200126        0     1                 
8020012a 8020012a        0     1                 
8020012c 8020012c        0     1                 
80200130 80200130        0     1                 
80200134 80200134        0     1                 
80200146 80200146        0     1                 
80200156 80200156        0     1                 
8020015a 8020015a        0     1                 
8020015e 8020015e        0     1                 
80200160 80200160        0     1                 
80200164 80200164        0     1                 
80200168 80200168        0     1                 
80200174 80200174        0     1                 
8020017c 8020017c        0     1                 
8020017e 8020017e        0     1                 
80200182 80200182        0     1                 
80200184 80200184        0     1                 
80200188 80200188        0     1                 
8020018c 8020018c        0     1                 
8020019e 8020019e        0     1                 
802001ae 802001ae        0     1                 
802001b2 802001b2        0     1                 
802001b6 802001b6        0     1                 
802001b8 802001b8        0     1                 
802001bc 802001bc        0     1                 
802001c0 802001c0        0     1                 
802001cc 802001cc        0     1                 
802001d4 802001d4        0     1                 
802001d6 802001d6        0     1                 
802001da 802001da        0     1                 
802001dc 802001dc        0     1                 
802001e0 802001e0        0     1                 
802001e4 802001e4        0     1                 
802001f6 802001f6        0     1                 
80200206 80200206        0     1                 
8020020a 8020020a        0     1                 
8020020e 8020020e        0     1                 
80200210 80200210        0     1                 
80200214 80200214        0     1                 
80200218 80200218        0     1                 
80200224 80200224        0     1                 
8020022c 8020022c        0     1                 
8020022e 8020022e        0     1                 
80200232 80200232        0     1                 
80200234 80200234        0     1                 
80200238 80200238        0     1                 
8020023a 8020023a        0     1                 
8020023e 8020023e        0     1                 
80200246 80200246        0     1                 
80200248 80200248        0     1                 
8020024e 8020024e        0     1                 
80200256 80200256        0     1                 
8020025a 8020025a        0     1                 
8020025e 8020025e        0     1                 
80200262 80200262        0     1                 
80200272 80200272        0     1                 
80200272 80200272        0     1                 
8020027a 8020027a        0     1                 
8020027c 8020027c        0     1                 
8020027c 8020027c        0     1                 
8020027c 8020027c        0     1                 
8020027c 8020027c        0     1                 
8020027c 8020027c        0     1                 
8020027c 8020027c      10c     1                 map_page
8020027e 8020027e        0     1                 
8020028c 8020028c        0     1                 
80200292 80200292        0     1                 
80200296 80200296        0     1                 
80200298 80200298        0     1                 
802002b6 802002b6        0     1                 
802002b8 802002b8        0     1                 
802002ba 802002ba        0     1                 
802002bc 802002bc        0     1                 
802002be 802002be        0     1                 
802002dc 802002dc        0     1                 
802002de 802002de        0     1                 
802002e0 802002e0        0     1                 
802002e4 802002e4        0     1                 
802002e6 802002e6        0     1                 
802002ee 802002ee        0     1                 
802002f2 802002f2        0     1                 
802002fa 802002fa        0     1                 
802002fc 802002fc        0     1                 
802002fc 802002fc        0     1                 
80200304 80200304        0     1                 
80200306 80200306        0     1                 
80200308 80200308        0     1                 
80200310 80200310        0     1                 
80200314 80200314        0     1                 
80200318 80200318        0     1                 
80200334 80200334        0     1                 
80200336 80200336        0     1                 
80200344 80200344        0     1                 
80200344 80200344        0     1                 
8020034c 8020034c        0     1                 
80200350 80200350        0     1                 
80200354 80200354        0     1                 
80200354 80200354        0     1                 
80200358 80200358        0     1                 
80200360 80200360        0     1                 
80200368 80200368        0     1                 
80200374 80200374        0     1                 
80200376 80200376        0     1                 
80200388 80200388        0     1                 
80200388 80200388        0     1                 
80200388 80200388        0     1                 
80200388 80200388        0     1                 
80200388 80200388        0     1                 
80200388 80200388      204     1                 create_process
8020038a 8020038a        0     1                 
8020039a 8020039a        0     1                 
802003a2 802003a2        0     1                 
802003a4 802003a4        0     1                 
802003a6 802003a6        0     1                 
802003ac 802003ac        0     1                 
802003ae 802003ae        0     1                 
802003b0 802003b0        0     1                 
802003c0 802003c0        0     1                 
802003c2 802003c2        0     1                 
802003c4 802003c4        0     1                 
802003cc 802003cc        0     1                 
802003ce 802003ce        0     1                 
802003d0 802003d0        0     1                 
802003e0 802003e0        0     1                 
802003e2 802003e2        0     1                 
802003e4 802003e4        0     1                 
802003ec 802003ec        0     1                 
802003ee 802003ee        0     1                 
802003f0 802003f0        0     1                 
80200400 80200400        0     1                 
80200402 80200402        0     1                 
80200404 80200404        0     1                 
8020040c 8020040c        0     1                 
8020040e 8020040e        0     1                 
80200410 80200410        0     1                 
8020042c 8020042c        0     1                 
8020042e 8020042e        0     1                 
80200452 80200452        0     1                 
8020045a 8020045a        0     1                 
8020045e 8020045e        0     1                 
80200460 80200460        0     1                 
80200468 80200468        0     1                 
8020046a 8020046a        0     1                 
80200472 80200472        0     1                 
80200474 80200474        0     1                 
80200478 80200478        0     1                 
8020047c 8020047c        0     1                 
80200484 80200484        0     1                 
80200486 80200486        0     1                 
8020048e 8020048e        0     1                 
80200490 80200490        0     1                 
80200498 80200498        0     1                 
8020049a 8020049a        0     1                 
802004a2 802004a2        0     1                 
802004a4 802004a4        0     1                 
802004ac 802004ac        0     1                 
802004ae 802004ae        0     1                 
802004b6 802004b6        0     1                 
802004b8 802004b8        0     1                 
802004c0 802004c0        0     1                 
802004c2 802004c2        0     1                 
802004ca 802004ca        0     1                 
802004cc 802004cc        0     1                 
802004d4 802004d4        0     1                 
802004dc 802004dc        0     1                 
802004e0 802004e0        0     1                 
802004e6 802004e6        0     1                 
802004e8 802004e8        0     1                 
802004f0 802004f0        0     1                 
802004f8 802004f8        0     1                 
80200514 80200514        0     1                 
80200516 80200516        0     1                 
80200526 80200526        0     1                 
80200526 80200526        0     1                 
80200532 80200532        0     1                 
8020053a 8020053a        0     1                 
8020054a 8020054a        0     1                 
8020054a 8020054a        0     1                 
8020054c 8020054c        0     1                 
80200550 80200550        0     1                 
80200550 80200550        0     1                 
80200554 80200554        0     1                 
8020055c 8020055c        0     1                 
8020056c 8020056c        0     1                 
8020056e 8020056e        0     1                 
80200572 80200572        0     1                 
80200576 80200576        0     1                 
8020058c 8020058c        0     1                 
8020058c 8020058c        0     1                 
8020058c 8020058c        0     1                 
8020058c 8020058c        0     1                 
8020058c 8020058c        0     1                 
8020058c 8020058c        0     1                 
8020058c 8020058c       9c     1                 kernel_entry
80200628 80200628        0     1                 
80200628 80200628        0     1                 
80200628 80200628        0     1                 
80200628 80200628        0     1                 
80200628 80200628        0     1                 
80200628 80200628       2e     1                 handle_trap
8020062a 8020062a        0     1                 
8020062a 8020062a        0     1                 
8020062a 8020062a        0     1                 
8020062c 8020062c        0     1                 
80200630 80200630        0     1                 
80200630 80200630        0     1                 
80200634 80200634        0     1                 
80200634 80200634        0     1                 
80200638 80200638        0     1                 
80200638 80200638        0     1                 
80200654 80200654        0     1                 
80200656 80200656        0     1                 
80200656 80200656        0     1                 
80200656 80200656        0     1                 
80200656 80200656        0     1                 
80200656 80200656        0     1                 
80200656 80200656       44     1                 proc_a_entry
80200658 80200658        0     1                 
80200658 80200658        0     1                 
8020065e 8020065e        0     1                 
8020066e 8020066e        0     1                 
8020066e 8020066e        0     1                 
8020067e 8020067e        0     1                 
80200688 80200688        0     1                 
80200688 80200688        0     1                 
80200690 80200690        0     1                 
80200690 80200690        0     1                 
80200692 80200692        0     1                 
80200692 80200692        0     1                 
80200694 80200694        0     1                 
80200696 80200696        0     1                 
8020069a 8020069a        0     1                 
8020069a 8020069a        0     1                 
8020069a 8020069a        0     1                 
8020069a 8020069a        0     1                 
8020069a 8020069a        0     1                 
8020069a 8020069a        0     1                 
8020069a 8020069a       44     1                 proc_b_entry
8020069c 8020069c        0     1                 
8020069c 8020069c        0     1                 
802006a2 802006a2        0     1                 
802006b2 802006b2        0     1                 
802006b2 802006b2        0     1                 
802006c2 802006c2        0     1                 
802006cc 802006cc        0     1                 
802006cc 802006cc        0     1                 
802006d4 802006d4        0     1                 
802006d4 802006d4        0     1                 
802006d6 802006d6        0     1                 
802006d6 802006d6        0     1                 
802006d8 802006d8        0     1                 
802006da 802006da        0     1                 
802006de 802006de        0     1                 
802006de 802006de        0     1                 
802006de 802006de        0     1                 
802006de 802006de        0     1                 
802006de 802006de        0     1                 
802006de 802006de        0     1                 
802006de 802006de       bc     1                 kernel_main
802006e0 802006e0        0     1                 
802006e0 802006e0        0     1                 
802006e6 802006e6        0     1                 
80200704 80200704        0     1                 
80200704 80200704        0     1                 
80200710 80200710        0     1                 
80200710 80200710        0     1                 
8020071a 8020071a        0     1                 
8020071a 8020071a        0     1                 
80200724 80200724        0     1                 
80200726 80200726        0     1                 
8020072e 8020072e        0     1                 
8020073e 8020073e        0     1                 
8020073e 8020073e        0     1                 
80200746 80200746        0     1                 
80200756 80200756        0     1                 
80200756 80200756        0     1                 
8020075e 8020075e        0     1                 
8020075e 8020075e        0     1                 
8020076e 8020076e        0     1                 
8020076e 8020076e        0     1                 
8020077e 8020077e        0     1                 
80200788 80200788        0     1                 
80200788 80200788        0     1                 
80200790 80200790        0     1                 
80200790 80200790        0     1                 
80200792 80200792        0     1                 
80200792 80200792        0     1                 
80200794 80200794        0     1                 
80200796 80200796        0     1                 
8020079a 8020079a        0     1                 
8020079a 8020079a        0     1                 
8020079a 8020079a        0     1                 
8020079c 8020079c      282     4         /tmp/common-ae15ea.o:(.text)
8020079c 8020079c        0     1                 
8020079c 8020079c        0     1                 
8020079c 8020079c        0     1                 
8020079c 8020079c      1f8     1                 printf
8020079e 8020079e        0     1                 
802007b8 802007b8        0     1                 
802007ca 802007ca        0     1                 
802007f2 802007f2        0     1                 
802007f6 802007f6        0     1                 
802007f8 802007f8        0     1                 
802007fc 802007fc        0     1                 
80200804 80200804        0     1                 
8020080c 8020080c        0     1                 
8020080c 8020080c        0     1                 
8020080e 8020080e        0     1                 
80200810 80200810        0     1                 
80200814 80200814        0     1                 
80200816 80200816        0     1                 
80200826 80200826        0     1                 
80200832 80200832        0     1                 
80200836 80200836        0     1                 
80200838 80200838        0     1                 
8020083e 8020083e        0     1                 
80200846 80200846        0     1                 
80200846 80200846        0     1                 
80200850 80200850        0     1                 
80200850 80200850        0     1                 
80200854 80200854        0     1                 
8020085a 8020085a        0     1                 
80200862 80200862        0     1                 
80200862 80200862        0     1                 
80200866 80200866        0     1                 
80200868 80200868        0     1                 
8020086e 8020086e        0     1                 
80200876 80200876        0     1                 
80200876 80200876        0     1                 
8020087a 8020087a        0     1                 
8020087c 8020087c        0     1                 
80200882 80200882        0     1                 
8020088a 8020088a        0     1                 
8020088a 8020088a        0     1                 
8020088e 8020088e        0     1                 
80200890 80200890        0     1                 
80200896 80200896        0     1                 
8020089e 8020089e        0     1                 
8020089e 8020089e        0     1                 
802008a2 802008a2        0     1                 
802008a4 802008a4        0     1                 
802008aa 802008aa        0     1                 
802008b2 802008b2        0     1                 
802008b2 802008b2        0     1                 
802008b6 802008b6        0     1                 
802008b8 802008b8        0     1                 
802008be 802008be        0     1                 
802008c6 802008c6        0     1                 
802008c6 802008c6        0     1                 
802008ca 802008ca        0     1                 
802008cc 802008cc        0     1                 
802008d2 802008d2        0     1                 
802008da 802008da        0     1                 
802008da 802008da        0     1                 
802008de 802008de        0     1                 
802008e4 802008e4        0     1                 
802008e4 802008e4        0     1                 
802008ec 802008ec        0     1                 
802008ec 802008ec        0     1                 
802008ee 802008ee        0     1                 
802008f0 802008f0        0     1                 
802008f0 802008f0        0     1                 
802008fa 802008fa        0     1                 
802008fe 802008fe        0     1                 
80200906 80200906        0     1                 
80200912 80200912        0     1                 
80200912 80200912        0     1                 
80200916 80200916        0     1                 
8020091c 8020091c        0     1                 
8020091c 8020091c        0     1                 
80200928 80200928        0     1                 
80200928 80200928        0     1                 
8020092c 8020092c        0     1                 
8020092e 8020092e        0     1                 
80200932 80200932        0     1                 
80200934 80200934        0     1                 
80200938 80200938        0     1                 
8020093c 8020093c        0     1                 
80200940 80200940        0     1                 
80200942 80200942        0     1                 
80200946 80200946        0     1                 
8020094a 8020094a        0     1                 
80200956 80200956        0     1                 
80200956 80200956        0     1                 
8020095e 8020095e        0     1                 
80200964 80200964        0     1                 
8020096a 8020096a        0     1                 
80200976 80200976        0     1                 
80200976 80200976        0     1                 
80200994 80200994        0     1                 
80200994 80200994        0     1                 
80200994 80200994        0     1                 
80200994 80200994        0     1                 
80200994 80200994        0     1                 
80200994 80200994        0     1                 
80200994 80200994       14     1                 memset
80200996 80200996        0     1                 
80200998 80200998        0     1                 
8020099a 8020099a        0     1                 
8020099e 8020099e        0     1                 
802009a2 802009a2        0     1                 
802009a4 802009a4        0     1                 
802009a6 802009a6        0     1                 
802009a8 802009a8        0     1                 
802009a8 802009a8        0     1                 
802009a8 802009a8        0     1                 
802009a8 802009a8        0     1                 
802009a8 802009a8        0     1                 
802009a8 802009a8        0     1                 
802009a8 802009a8       1a     1                 memcpy
802009aa 802009aa        0     1                 
802009ac 802009ac        0     1                 
802009b0 802009b0        0     1                 
802009b2 802009b2        0     1                 
802009b4 802009b4        0     1                 
802009b8 802009b8        0     1                 
802009bc 802009bc        0     1                 
802009be 802009be        0     1                 
802009c0 802009c0        0     1                 
802009c2 802009c2        0     1                 
802009c2 802009c2        0     1                 
802009c2 802009c2        0     1                 
802009c2 802009c2        0     1                 
802009c2 802009c2        0     1                 
802009c2 802009c2        0     1                 
802009c2 802009c2       24     1                 strcpy
802009c8 802009c8        0     1                 
802009cc 802009cc        0     1                 
802009ce 802009ce        0     1                 
802009d2 802009d2        0     1                 
802009d6 802009d6        0     1                 
802009da 802009da        0     1                 
802009dc 802009dc        0     1                 
802009de 802009de        0     1                 
802009e0 802009e0        0     1                 
802009e4 802009e4        0     1                 
802009e6 802009e6        0     1                 
802009e6 802009e6        0     1                 
802009e6 802009e6        0     1                 
802009e6 802009e6        0     1                 
802009e6 802009e6        0     1                 
802009e6 802009e6        0     1                 
802009e6 802009e6       38     1                 strcmp
802009ea 802009ea        0     1                 
802009ec 802009ec        0     1                 
802009ee 802009ee        0     1                 
802009f2 802009f2        0     1                 
80200a00 80200a00        0     1                 
80200a04 80200a04        0     1                 
80200a08 80200a08        0     1                 
80200a0a 80200a0a        0     1                 
80200a0e 80200a0e        0     1                 
80200a10 80200a10        0     1                 
80200a14 80200a14        0     1                 
80200a18 80200a18        0     1                 
80200a1c 80200a1c        0     1                 
80200a1e 80200a1e        0     1                 
80200a1e 80200a1e        0     1                 
80200a20 80200a20      109     4 .rodata
80200a20 80200a20      109     1         <internal>:(.rodata)
80200b2c 80200b2c        4     4 .sdata
80200b2c 80200b2c        4     4         /tmp/kernel-e08076.o:(.sdata)
80200b2c 80200b2c        4     1                 alloc_pages.next_paddr
80200b30 80200b30    10090     4 .bss
80200b30 80200b30        0     1         __bss = .
80200b30 80200b30       10     4         /tmp/kernel-e08076.o:(.sbss)
80200b30 80200b30        4     1                 idle_proc
80200b34 80200b34        4     1                 current_proc
80200b38 80200b38        4     1                 proc_a
80200b3c 80200b3c        4     1                 proc_b
80200b40 80200b40    10080     4         /tmp/kernel-e08076.o:(.bss)
80200b40 80200b40    10080     1                 procs
80210bc0 80210bc0        0     1         __bss_end = .
80210bc0 80210bc0        0     1 . = ALIGN ( 4 )
80210bc0 80210bc0    20000     1 . += 128 * 1024
80230bc0 80230bc0        0     1 __stack_top = .
80230bc0 80230bc0      440     1 . = ALIGN ( 4096 )
80231000 80231000        0     1 __free_ram = .
80231000 80231000  4000000     1 . += 64 * 1024 * 1024
84231000 84231000        0     1 __free_ram_end = .
       0        0      5fd     1 .debug_loclists
       0        0      3c4     1         /tmp/kernel-e08076.o:(.debug_loclists)
       c        c        0     1                 
     3c4      3c4      239     1         /tmp/common-ae15ea.o:(.debug_loclists)
     3d0      3d0        0     1                 
       0        0      392     1 .debug_abbrev
       0        0      28d     1         /tmp/kernel-e08076.o:(.debug_abbrev)
     28d      28d      105     1         /tmp/common-ae15ea.o:(.debug_abbrev)
       0        0      905     1 .debug_info
       0        0      6ed     1         /tmp/kernel-e08076.o:(.debug_info)
     6ed      6ed      218     1         /tmp/common-ae15ea.o:(.debug_info)
       0        0       66     1 .debug_rnglists
       0        0       4b     1         /tmp/kernel-e08076.o:(.debug_rnglists)
       c        c        0     1                 
      4b       4b       1b     1         /tmp/common-ae15ea.o:(.debug_rnglists)
      57       57        0     1                 
       0        0      238     1 .debug_str_offsets
       0        0      1a8     1         /tmp/kernel-e08076.o:(.debug_str_offsets)
       8        8        0     1                 
     1a8      1a8       90     1         /tmp/common-ae15ea.o:(.debug_str_offsets)
     1b0      1b0        0     1                 
       0        0      30f     1 .debug_str
       0        0      30f     1         <internal>:(.debug_str)
       0        0      134     1 .debug_addr
       0        0       d8     1         /tmp/kernel-e08076.o:(.debug_addr)
       8        8        0     1                 
      d8       d8       5c     1         /tmp/common-ae15ea.o:(.debug_addr)
      e0       e0        0     1                 
       0        0       37     1 .comment
       0        0       37     1         <internal>:(.comment)
       0        0       2b     1 .riscv.attributes
       0        0       2b     1         /tmp/kernel-e08076.o:(.riscv.attributes)
       0        0      1c4     4 .debug_frame
       0        0      140     4         /tmp/kernel-e08076.o:(.debug_frame)
       0        0        0     1                 
     140      140       84     4         /tmp/common-ae15ea.o:(.debug_frame)
     140      140        0     1                 
       0        0      cba     1 .debug_line
       0        0      868     1         /tmp/kernel-e08076.o:(.debug_line)
       0        0        0     1                 .Lline_table_start0
     868      868      452     1         /tmp/common-ae15ea.o:(.debug_line)
     868      868        0     1                 .Lline_table_start0
       0        0       3b     1 .debug_line_str
       0        0       3b     1         <internal>:(.debug_line_str)
       0        0     2b10     4 .symtab
       0        0     2b10     4         <internal>:(.symtab)
       0        0       dd     1 .shstrtab
       0        0       dd     1         <internal>:(.shstrtab)
       0        0      172     1 .strtab
       0        0      172     1         <internal>:(.strtab)
