     VMA      LMA     Size Align Out     In      Symbol
       0        0  1000000     1 . = 0x1000000
 1000000  1000000      3de     4 .text
 1000000  1000000       1a     2         /tmp/user-dfc2fb.o:(.text.start)
 1000000  1000000        0     1                 
 1000000  1000000        0     1                 
 1000000  1000000        0     1                 
 1000000  1000000        0     1                 
 1000000  1000000       1a     1                 start
 100001a  100001a        0     1                 
 100001a  100001a        0     1                 
 100001c  100001c      108     4         /tmp/shell-d0a4db.o:(.text)
 100001c  100001c        0     1                 
 100001c  100001c        0     1                 
 100001c  100001c        0     1                 
 100001c  100001c      108     1                 main
 100001e  100001e        0     1                 
 1000038  1000038        0     1                 
 100007c  100007c        0     1                 
 100007c  100007c        0     1                 
 1000086  1000086        0     1                 
 1000086  1000086        0     1                 
 1000090  1000090        0     1                 
 1000090  1000090        0     1                 
 1000098  1000098        0     1                 
 100009a  100009a        0     1                 
 10000a6  10000a6        0     1                 
 10000a6  10000a6        0     1                 
 10000a8  10000a8        0     1                 
 10000ac  10000ac        0     1                 
 10000b0  10000b0        0     1                 
 10000b8  10000b8        0     1                 
 10000ba  10000ba        0     1                 
 10000c2  10000c2        0     1                 
 10000c4  10000c4        0     1                 
 10000d0  10000d0        0     1                 
 10000d0  10000d0        0     1                 
 10000d4  10000d4        0     1                 
 10000de  10000de        0     1                 
 10000de  10000de        0     1                 
 10000e0  10000e0        0     1                 
 10000ea  10000ea        0     1                 
 10000ea  10000ea        0     1                 
 10000f2  10000f2        0     1                 
 10000f2  10000f2        0     1                 
 10000fe  10000fe        0     1                 
 10000fe  10000fe        0     1                 
 1000100  1000100        0     1                 
 100010c  100010c        0     1                 
 100010c  100010c        0     1                 
 100010e  100010e        0     1                 
 100011a  100011a        0     1                 
 100011a  100011a        0     1                 
 100011c  100011c        0     1                 
 1000124  1000124        0     1                 
 1000124  1000124        0     1                 
 1000124  1000124        0     1                 
 1000124  1000124       38     4         /tmp/user-dfc2fb.o:(.text)
 1000124  1000124        0     1                 
 1000124  1000124        0     1                 
 1000124  1000124        0     1                 
 1000124  1000124       10     1                 syscall
 1000126  1000126        0     1                 
 1000132  1000132        0     1                 
 1000134  1000134        0     1                 
 1000134  1000134        0     1                 
 1000134  1000134        0     1                 
 1000134  1000134        0     1                 
 1000134  1000134        0     1                 
 1000134  1000134        0     1                 
 1000134  1000134        c     1                 putchar
 100013e  100013e        0     1                 
 100013e  100013e        0     1                 
 1000140  1000140        0     1                 
 1000140  1000140        0     1                 
 1000140  1000140        0     1                 
 1000140  1000140        0     1                 
 1000140  1000140        0     1                 
 1000140  1000140        0     1                 
 1000140  1000140        e     1                 getchar
 100014c  100014c        0     1                 
 100014c  100014c        0     1                 
 100014e  100014e        0     1                 
 100014e  100014e        0     1                 
 100014e  100014e        0     1                 
 100014e  100014e        0     1                 
 100014e  100014e        0     1                 
 100014e  100014e        0     1                 
 100014e  100014e        e     1                 exit
 100015a  100015a        0     1                 
 100015a  100015a        0     1                 
 100015c  100015c        0     1                 
 100015c  100015c        0     1                 
 100015c  100015c      282     4         /tmp/common-9a54bb.o:(.text)
 100015c  100015c        0     1                 
 100015c  100015c        0     1                 
 100015c  100015c        0     1                 
 100015c  100015c      1f8     1                 printf
 100015e  100015e        0     1                 
 1000178  1000178        0     1                 
 100018a  100018a        0     1                 
 10001b2  10001b2        0     1                 
 10001b6  10001b6        0     1                 
 10001b8  10001b8        0     1                 
 10001bc  10001bc        0     1                 
 10001c4  10001c4        0     1                 
 10001cc  10001cc        0     1                 
 10001cc  10001cc        0     1                 
 10001ce  10001ce        0     1                 
 10001d0  10001d0        0     1                 
 10001d4  10001d4        0     1                 
 10001d6  10001d6        0     1                 
 10001e6  10001e6        0     1                 
 10001f2  10001f2        0     1                 
 10001f6  10001f6        0     1                 
 10001f8  10001f8        0     1                 
 10001fe  10001fe        0     1                 
 1000206  1000206        0     1                 
 1000206  1000206        0     1                 
 1000210  1000210        0     1                 
 1000210  1000210        0     1                 
 1000214  1000214        0     1                 
 100021a  100021a        0     1                 
 1000222  1000222        0     1                 
 1000222  1000222        0     1                 
 1000226  1000226        0     1                 
 1000228  1000228        0     1                 
 100022e  100022e        0     1                 
 1000236  1000236        0     1                 
 1000236  1000236        0     1                 
 100023a  100023a        0     1                 
 100023c  100023c        0     1                 
 1000242  1000242        0     1                 
 100024a  100024a        0     1                 
 100024a  100024a        0     1                 
 100024e  100024e        0     1                 
 1000250  1000250        0     1                 
 1000256  1000256        0     1                 
 100025e  100025e        0     1                 
 100025e  100025e        0     1                 
 1000262  1000262        0     1                 
 1000264  1000264        0     1                 
 100026a  100026a        0     1                 
 1000272  1000272        0     1                 
 1000272  1000272        0     1                 
 1000276  1000276        0     1                 
 1000278  1000278        0     1                 
 100027e  100027e        0     1                 
 1000286  1000286        0     1                 
 1000286  1000286        0     1                 
 100028a  100028a        0     1                 
 100028c  100028c        0     1                 
 1000292  1000292        0     1                 
 100029a  100029a        0     1                 
 100029a  100029a        0     1                 
 100029e  100029e        0     1                 
 10002a4  10002a4        0     1                 
 10002a4  10002a4        0     1                 
 10002ac  10002ac        0     1                 
 10002ac  10002ac        0     1                 
 10002ae  10002ae        0     1                 
 10002b0  10002b0        0     1                 
 10002b0  10002b0        0     1                 
 10002ba  10002ba        0     1                 
 10002be  10002be        0     1                 
 10002c6  10002c6        0     1                 
 10002d2  10002d2        0     1                 
 10002d2  10002d2        0     1                 
 10002d6  10002d6        0     1                 
 10002dc  10002dc        0     1                 
 10002dc  10002dc        0     1                 
 10002e8  10002e8        0     1                 
 10002e8  10002e8        0     1                 
 10002ec  10002ec        0     1                 
 10002ee  10002ee        0     1                 
 10002f2  10002f2        0     1                 
 10002f4  10002f4        0     1                 
 10002f8  10002f8        0     1                 
 10002fc  10002fc        0     1                 
 1000300  1000300        0     1                 
 1000302  1000302        0     1                 
 1000306  1000306        0     1                 
 100030a  100030a        0     1                 
 1000316  1000316        0     1                 
 1000316  1000316        0     1                 
 100031e  100031e        0     1                 
 1000324  1000324        0     1                 
 100032a  100032a        0     1                 
 1000336  1000336        0     1                 
 1000336  1000336        0     1                 
 1000354  1000354        0     1                 
 1000354  1000354        0     1                 
 1000354  1000354        0     1                 
 1000354  1000354        0     1                 
 1000354  1000354        0     1                 
 1000354  1000354        0     1                 
 1000354  1000354       14     1                 memset
 1000356  1000356        0     1                 
 1000358  1000358        0     1                 
 100035a  100035a        0     1                 
 100035e  100035e        0     1                 
 1000362  1000362        0     1                 
 1000364  1000364        0     1                 
 1000366  1000366        0     1                 
 1000368  1000368        0     1                 
 1000368  1000368        0     1                 
 1000368  1000368        0     1                 
 1000368  1000368        0     1                 
 1000368  1000368        0     1                 
 1000368  1000368        0     1                 
 1000368  1000368       1a     1                 memcpy
 100036a  100036a        0     1                 
 100036c  100036c        0     1                 
 1000370  1000370        0     1                 
 1000372  1000372        0     1                 
 1000374  1000374        0     1                 
 1000378  1000378        0     1                 
 100037c  100037c        0     1                 
 100037e  100037e        0     1                 
 1000380  1000380        0     1                 
 1000382  1000382        0     1                 
 1000382  1000382        0     1                 
 1000382  1000382        0     1                 
 1000382  1000382        0     1                 
 1000382  1000382        0     1                 
 1000382  1000382        0     1                 
 1000382  1000382       24     1                 strcpy
 1000388  1000388        0     1                 
 100038c  100038c        0     1                 
 100038e  100038e        0     1                 
 1000392  1000392        0     1                 
 1000396  1000396        0     1                 
 100039a  100039a        0     1                 
 100039c  100039c        0     1                 
 100039e  100039e        0     1                 
 10003a0  10003a0        0     1                 
 10003a4  10003a4        0     1                 
 10003a6  10003a6        0     1                 
 10003a6  10003a6        0     1                 
 10003a6  10003a6        0     1                 
 10003a6  10003a6        0     1                 
 10003a6  10003a6        0     1                 
 10003a6  10003a6        0     1                 
 10003a6  10003a6       38     1                 strcmp
 10003aa  10003aa        0     1                 
 10003ac  10003ac        0     1                 
 10003ae  10003ae        0     1                 
 10003b2  10003b2        0     1                 
 10003c0  10003c0        0     1                 
 10003c4  10003c4        0     1                 
 10003c8  10003c8        0     1                 
 10003ca  10003ca        0     1                 
 10003ce  10003ce        0     1                 
 10003d0  10003d0        0     1                 
 10003d4  10003d4        0     1                 
 10003d8  10003d8        0     1                 
 10003dc  10003dc        0     1                 
 10003de  10003de        0     1                 
 10003de  10003de        0     1                 
 10003e0  10003e0       66     4 .rodata
 10003e0  10003e0       66     1         <internal>:(.rodata)
 1000448  1000448    10008     4 .bss
 1000448  1000448        8     1         . = ALIGN ( 16 )
 1000450  1000450    10000     1         . += 64 * 1024
 1010450  1010450        0     1         __stack_top = .
 1010450  1010450        0     1         
       0        0      337     1 .debug_loclists
       0        0       33     1         /tmp/shell-d0a4db.o:(.debug_loclists)
       c        c        0     1                 
      33       33       cb     1         /tmp/user-dfc2fb.o:(.debug_loclists)
      3f       3f        0     1                 
      fe       fe      239     1         /tmp/common-9a54bb.o:(.debug_loclists)
     10a      10a        0     1                 
       0        0      324     1 .debug_abbrev
       0        0      103     1         /tmp/shell-d0a4db.o:(.debug_abbrev)
     103      103      11c     1         /tmp/user-dfc2fb.o:(.debug_abbrev)
     21f      21f      105     1         /tmp/common-9a54bb.o:(.debug_abbrev)
       0        0      4d3     1 .debug_info
       0        0      109     1         /tmp/shell-d0a4db.o:(.debug_info)
     109      109      1b2     1         /tmp/user-dfc2fb.o:(.debug_info)
     2bb      2bb      218     1         /tmp/common-9a54bb.o:(.debug_info)
       0        0       4c     1 .debug_rnglists
       0        0       1a     1         /tmp/shell-d0a4db.o:(.debug_rnglists)
       c        c        0     1                 
      1a       1a       17     1         /tmp/user-dfc2fb.o:(.debug_rnglists)
      26       26        0     1                 
      31       31       1b     1         /tmp/common-9a54bb.o:(.debug_rnglists)
      3d       3d        0     1                 
       0        0      12c     1 .debug_str_offsets
       0        0       48     1         /tmp/shell-d0a4db.o:(.debug_str_offsets)
       8        8        0     1                 
      48       48       54     1         /tmp/user-dfc2fb.o:(.debug_str_offsets)
      50       50        0     1                 
      9c       9c       90     1         /tmp/common-9a54bb.o:(.debug_str_offsets)
      a4       a4        0     1                 
       0        0      16a     1 .debug_str
       0        0      16a     1         <internal>:(.debug_str)
       0        0       b8     1 .debug_addr
       0        0       40     1         /tmp/shell-d0a4db.o:(.debug_addr)
       8        8        0     1                 
      40       40       1c     1         /tmp/user-dfc2fb.o:(.debug_addr)
      48       48        0     1                 
      5c       5c       5c     1         /tmp/common-9a54bb.o:(.debug_addr)
      64       64        0     1                 
       0        0       37     1 .comment
       0        0       37     1         <internal>:(.comment)
       0        0       2b     1 .riscv.attributes
       0        0       2b     1         /tmp/shell-d0a4db.o:(.riscv.attributes)
       0        0      12c     4 .debug_frame
       0        0       44     4         /tmp/shell-d0a4db.o:(.debug_frame)
       0        0        0     1                 
      44       44       64     4         /tmp/user-dfc2fb.o:(.debug_frame)
      44       44        0     1                 
      a8       a8       84     4         /tmp/common-9a54bb.o:(.debug_frame)
      a8       a8        0     1                 
       0        0      64a     1 .debug_line
       0        0      134     1         /tmp/shell-d0a4db.o:(.debug_line)
       0        0        0     1                 .Lline_table_start0
     134      134       c4     1         /tmp/user-dfc2fb.o:(.debug_line)
     134      134        0     1                 .Lline_table_start0
     1f8      1f8      452     1         /tmp/common-9a54bb.o:(.debug_line)
     1f8      1f8        0     1                 .Lline_table_start0
       0        0       3f     1 .debug_line_str
       0        0       3f     1         <internal>:(.debug_line_str)
       0        0     1580     4 .symtab
       0        0     1580     4         <internal>:(.symtab)
       0        0       d6     1 .shstrtab
       0        0       d6     1         <internal>:(.shstrtab)
       0        0       ac     1 .strtab
       0        0       ac     1         <internal>:(.strtab)
