     VMA      LMA     Size Align Out     In      Symbol
       0        0  1000000     1 . = 0x1000000
 1000000  1000000      2a6     4 .text
 1000000  1000000       1a     2         /tmp/user-173ba6.o:(.text.start)
 1000000  1000000        0     1                 
 1000000  1000000        0     1                 
 1000000  1000000        0     1                 
 1000000  1000000        0     1                 
 1000000  1000000       1a     1                 start
 100001a  100001a        0     1                 
 100001a  100001a        0     1                 
 100001c  100001c        2     4         /tmp/shell-734df4.o:(.text)
 100001c  100001c        0     1                 
 100001c  100001c        0     1                 
 100001c  100001c        0     1                 
 100001c  100001c        0     1                 
 100001c  100001c        2     1                 main
 100001e  100001e        0     1                 
 100001e  100001e        0     1                 
 1000020  1000020        4     4         /tmp/user-173ba6.o:(.text)
 1000020  1000020        0     1                 
 1000020  1000020        0     1                 
 1000020  1000020        0     1                 
 1000020  1000020        0     1                 
 1000020  1000020        2     1                 exit
 1000022  1000022        0     1                 
 1000022  1000022        0     1                 
 1000022  1000022        0     1                 
 1000022  1000022        0     1                 
 1000022  1000022        0     1                 
 1000022  1000022        0     1                 
 1000022  1000022        2     1                 putchar
 1000024  1000024        0     1                 
 1000024  1000024        0     1                 
 1000024  1000024      282     4         /tmp/common-572089.o:(.text)
 1000024  1000024        0     1                 
 1000024  1000024        0     1                 
 1000024  1000024        0     1                 
 1000024  1000024      1f8     1                 printf
 1000026  1000026        0     1                 
 1000040  1000040        0     1                 
 1000052  1000052        0     1                 
 100007a  100007a        0     1                 
 100007e  100007e        0     1                 
 1000080  1000080        0     1                 
 1000084  1000084        0     1                 
 100008c  100008c        0     1                 
 1000094  1000094        0     1                 
 1000094  1000094        0     1                 
 1000096  1000096        0     1                 
 1000098  1000098        0     1                 
 100009c  100009c        0     1                 
 100009e  100009e        0     1                 
 10000ae  10000ae        0     1                 
 10000ba  10000ba        0     1                 
 10000be  10000be        0     1                 
 10000c0  10000c0        0     1                 
 10000c6  10000c6        0     1                 
 10000ce  10000ce        0     1                 
 10000ce  10000ce        0     1                 
 10000d8  10000d8        0     1                 
 10000d8  10000d8        0     1                 
 10000dc  10000dc        0     1                 
 10000e2  10000e2        0     1                 
 10000ea  10000ea        0     1                 
 10000ea  10000ea        0     1                 
 10000ee  10000ee        0     1                 
 10000f0  10000f0        0     1                 
 10000f6  10000f6        0     1                 
 10000fe  10000fe        0     1                 
 10000fe  10000fe        0     1                 
 1000102  1000102        0     1                 
 1000104  1000104        0     1                 
 100010a  100010a        0     1                 
 1000112  1000112        0     1                 
 1000112  1000112        0     1                 
 1000116  1000116        0     1                 
 1000118  1000118        0     1                 
 100011e  100011e        0     1                 
 1000126  1000126        0     1                 
 1000126  1000126        0     1                 
 100012a  100012a        0     1                 
 100012c  100012c        0     1                 
 1000132  1000132        0     1                 
 100013a  100013a        0     1                 
 100013a  100013a        0     1                 
 100013e  100013e        0     1                 
 1000140  1000140        0     1                 
 1000146  1000146        0     1                 
 100014e  100014e        0     1                 
 100014e  100014e        0     1                 
 1000152  1000152        0     1                 
 1000154  1000154        0     1                 
 100015a  100015a        0     1                 
 1000162  1000162        0     1                 
 1000162  1000162        0     1                 
 1000166  1000166        0     1                 
 100016c  100016c        0     1                 
 100016c  100016c        0     1                 
 1000174  1000174        0     1                 
 1000174  1000174        0     1                 
 1000176  1000176        0     1                 
 1000178  1000178        0     1                 
 1000178  1000178        0     1                 
 1000182  1000182        0     1                 
 1000186  1000186        0     1                 
 100018e  100018e        0     1                 
 100019a  100019a        0     1                 
 100019a  100019a        0     1                 
 100019e  100019e        0     1                 
 10001a4  10001a4        0     1                 
 10001a4  10001a4        0     1                 
 10001b0  10001b0        0     1                 
 10001b0  10001b0        0     1                 
 10001b4  10001b4        0     1                 
 10001b6  10001b6        0     1                 
 10001ba  10001ba        0     1                 
 10001bc  10001bc        0     1                 
 10001c0  10001c0        0     1                 
 10001c4  10001c4        0     1                 
 10001c8  10001c8        0     1                 
 10001ca  10001ca        0     1                 
 10001ce  10001ce        0     1                 
 10001d2  10001d2        0     1                 
 10001de  10001de        0     1                 
 10001de  10001de        0     1                 
 10001e6  10001e6        0     1                 
 10001ec  10001ec        0     1                 
 10001f2  10001f2        0     1                 
 10001fe  10001fe        0     1                 
 10001fe  10001fe        0     1                 
 100021c  100021c        0     1                 
 100021c  100021c        0     1                 
 100021c  100021c        0     1                 
 100021c  100021c        0     1                 
 100021c  100021c        0     1                 
 100021c  100021c        0     1                 
 100021c  100021c       14     1                 memset
 100021e  100021e        0     1                 
 1000220  1000220        0     1                 
 1000222  1000222        0     1                 
 1000226  1000226        0     1                 
 100022a  100022a        0     1                 
 100022c  100022c        0     1                 
 100022e  100022e        0     1                 
 1000230  1000230        0     1                 
 1000230  1000230        0     1                 
 1000230  1000230        0     1                 
 1000230  1000230        0     1                 
 1000230  1000230        0     1                 
 1000230  1000230        0     1                 
 1000230  1000230       1a     1                 memcpy
 1000232  1000232        0     1                 
 1000234  1000234        0     1                 
 1000238  1000238        0     1                 
 100023a  100023a        0     1                 
 100023c  100023c        0     1                 
 1000240  1000240        0     1                 
 1000244  1000244        0     1                 
 1000246  1000246        0     1                 
 1000248  1000248        0     1                 
 100024a  100024a        0     1                 
 100024a  100024a        0     1                 
 100024a  100024a        0     1                 
 100024a  100024a        0     1                 
 100024a  100024a        0     1                 
 100024a  100024a        0     1                 
 100024a  100024a       24     1                 strcpy
 1000250  1000250        0     1                 
 1000254  1000254        0     1                 
 1000256  1000256        0     1                 
 100025a  100025a        0     1                 
 100025e  100025e        0     1                 
 1000262  1000262        0     1                 
 1000264  1000264        0     1                 
 1000266  1000266        0     1                 
 1000268  1000268        0     1                 
 100026c  100026c        0     1                 
 100026e  100026e        0     1                 
 100026e  100026e        0     1                 
 100026e  100026e        0     1                 
 100026e  100026e        0     1                 
 100026e  100026e        0     1                 
 100026e  100026e        0     1                 
 100026e  100026e       38     1                 strcmp
 1000272  1000272        0     1                 
 1000274  1000274        0     1                 
 1000276  1000276        0     1                 
 100027a  100027a        0     1                 
 1000288  1000288        0     1                 
 100028c  100028c        0     1                 
 1000290  1000290        0     1                 
 1000292  1000292        0     1                 
 1000296  1000296        0     1                 
 1000298  1000298        0     1                 
 100029c  100029c        0     1                 
 10002a0  10002a0        0     1                 
 10002a4  10002a4        0     1                 
 10002a6  10002a6        0     1                 
 10002a6  10002a6        0     1                 
 10002a8  10002a8       11     4 .rodata
 10002a8  10002a8       11     1         <internal>:(.rodata)
 10002bc  10002bc    10004     4 .bss
 10002bc  10002bc        4     1         . = ALIGN ( 16 )
 10002c0  10002c0    10000     1         . += 64 * 1024
 10102c0  10102c0        0     1         __stack_top = .
 10102c0  10102c0        0     1         
       0        0      1b0     1 .debug_abbrev
       0        0       2f     1         /tmp/shell-734df4.o:(.debug_abbrev)
      2f       2f       7c     1         /tmp/user-173ba6.o:(.debug_abbrev)
      ab       ab      105     1         /tmp/common-572089.o:(.debug_abbrev)
       0        0      29f     1 .debug_info
       0        0       2f     1         /tmp/shell-734df4.o:(.debug_info)
      2f       2f       58     1         /tmp/user-173ba6.o:(.debug_info)
      87       87      218     1         /tmp/common-572089.o:(.debug_info)
       0        0       d0     1 .debug_str_offsets
       0        0       18     1         /tmp/shell-734df4.o:(.debug_str_offsets)
       8        8        0     1                 
      18       18       28     1         /tmp/user-173ba6.o:(.debug_str_offsets)
      20       20        0     1                 
      40       40       90     1         /tmp/common-572089.o:(.debug_str_offsets)
      48       48        0     1                 
       0        0      113     1 .debug_str
       0        0      113     1         <internal>:(.debug_str)
       0        0       7c     1 .debug_addr
       0        0        c     1         /tmp/shell-734df4.o:(.debug_addr)
       8        8        0     1                 
       c        c       14     1         /tmp/user-173ba6.o:(.debug_addr)
      14       14        0     1                 
      20       20       5c     1         /tmp/common-572089.o:(.debug_addr)
      28       28        0     1                 
       0        0       37     1 .comment
       0        0       37     1         <internal>:(.comment)
       0        0       2b     1 .riscv.attributes
       0        0       2b     1         /tmp/shell-734df4.o:(.riscv.attributes)
       0        0       ec     4 .debug_frame
       0        0       24     4         /tmp/shell-734df4.o:(.debug_frame)
       0        0        0     1                 
      24       24       44     4         /tmp/user-173ba6.o:(.debug_frame)
      24       24        0     1                 
      68       68       84     4         /tmp/common-572089.o:(.debug_frame)
      68       68        0     1                 
       0        0      536     1 .debug_line
       0        0       5c     1         /tmp/shell-734df4.o:(.debug_line)
       0        0        0     1                 .Lline_table_start0
      5c       5c       88     1         /tmp/user-173ba6.o:(.debug_line)
      5c       5c        0     1                 .Lline_table_start0
      e4       e4      452     1         /tmp/common-572089.o:(.debug_line)
      e4       e4        0     1                 .Lline_table_start0
       0        0       38     1 .debug_line_str
       0        0       38     1         <internal>:(.debug_line_str)
       0        0       32     1 .debug_rnglists
       0        0       17     1         /tmp/user-173ba6.o:(.debug_rnglists)
       c        c        0     1                 
      17       17       1b     1         /tmp/common-572089.o:(.debug_rnglists)
      23       23        0     1                 
       0        0      239     1 .debug_loclists
       0        0      239     1         /tmp/common-572089.o:(.debug_loclists)
       c        c        0     1                 
       0        0     1030     4 .symtab
       0        0     1030     4         <internal>:(.symtab)
       0        0       d6     1 .shstrtab
       0        0       d6     1         <internal>:(.shstrtab)
       0        0       9c     1 .strtab
       0        0       9c     1         <internal>:(.strtab)
