     VMA      LMA     Size Align Out     In      Symbol
       0        0  1000000     1 . = 0x1000000
 1000000  1000000      412     4 .text
 1000000  1000000       1a     2         /tmp/user-f914fe.o:(.text.start)
 1000000  1000000        0     1                 
 1000000  1000000        0     1                 
 1000000  1000000        0     1                 
 1000000  1000000        0     1                 
 1000000  1000000       1a     1                 start
 100001a  100001a        0     1                 
 100001a  100001a        0     1                 
 100001c  100001c      12a     4         /tmp/shell-eba7dc.o:(.text)
 100001c  100001c        0     1                 
 100001c  100001c        0     1                 
 100001c  100001c        0     1                 
 100001c  100001c      12a     1                 main
 100001e  100001e        0     1                 
 1000038  1000038        0     1                 
 1000086  1000086        0     1                 
 1000086  1000086        0     1                 
 1000090  1000090        0     1                 
 1000090  1000090        0     1                 
 100009a  100009a        0     1                 
 100009a  100009a        0     1                 
 10000a2  10000a2        0     1                 
 10000a4  10000a4        0     1                 
 10000b0  10000b0        0     1                 
 10000b0  10000b0        0     1                 
 10000b2  10000b2        0     1                 
 10000b6  10000b6        0     1                 
 10000ba  10000ba        0     1                 
 10000c2  10000c2        0     1                 
 10000c4  10000c4        0     1                 
 10000cc  10000cc        0     1                 
 10000ce  10000ce        0     1                 
 10000da  10000da        0     1                 
 10000da  10000da        0     1                 
 10000de  10000de        0     1                 
 10000e8  10000e8        0     1                 
 10000e8  10000e8        0     1                 
 10000ea  10000ea        0     1                 
 10000f4  10000f4        0     1                 
 10000f4  10000f4        0     1                 
 10000fc  10000fc        0     1                 
 10000fc  10000fc        0     1                 
 1000108  1000108        0     1                 
 1000108  1000108        0     1                 
 100010a  100010a        0     1                 
 1000116  1000116        0     1                 
 1000116  1000116        0     1                 
 1000118  1000118        0     1                 
 1000124  1000124        0     1                 
 1000124  1000124        0     1                 
 1000126  1000126        0     1                 
 1000132  1000132        0     1                 
 1000132  1000132        0     1                 
 1000134  1000134        0     1                 
 100013c  100013c        0     1                 
 100013c  100013c        0     1                 
 100013e  100013e        0     1                 
 1000146  1000146        0     1                 
 1000146  1000146        0     1                 
 1000146  1000146        0     1                 
 1000148  1000148       46     4         /tmp/user-f914fe.o:(.text)
 1000148  1000148        0     1                 
 1000148  1000148        0     1                 
 1000148  1000148        0     1                 
 1000148  1000148       10     1                 syscall
 100014a  100014a        0     1                 
 1000156  1000156        0     1                 
 1000158  1000158        0     1                 
 1000158  1000158        0     1                 
 1000158  1000158        0     1                 
 1000158  1000158        0     1                 
 1000158  1000158        0     1                 
 1000158  1000158        0     1                 
 1000158  1000158        c     1                 putchar
 1000162  1000162        0     1                 
 1000162  1000162        0     1                 
 1000164  1000164        0     1                 
 1000164  1000164        0     1                 
 1000164  1000164        0     1                 
 1000164  1000164        0     1                 
 1000164  1000164        0     1                 
 1000164  1000164        0     1                 
 1000164  1000164        e     1                 getchar
 1000170  1000170        0     1                 
 1000170  1000170        0     1                 
 1000172  1000172        0     1                 
 1000172  1000172        0     1                 
 1000172  1000172        0     1                 
 1000172  1000172        0     1                 
 1000172  1000172        0     1                 
 1000172  1000172        0     1                 
 1000172  1000172        e     1                 getSbiVersion
 100017e  100017e        0     1                 
 100017e  100017e        0     1                 
 1000180  1000180        0     1                 
 1000180  1000180        0     1                 
 1000180  1000180        0     1                 
 1000180  1000180        0     1                 
 1000180  1000180        0     1                 
 1000180  1000180        0     1                 
 1000180  1000180        e     1                 exit
 100018c  100018c        0     1                 
 100018c  100018c        0     1                 
 100018e  100018e        0     1                 
 100018e  100018e        0     1                 
 1000190  1000190      282     4         /tmp/common-8a9829.o:(.text)
 1000190  1000190        0     1                 
 1000190  1000190        0     1                 
 1000190  1000190        0     1                 
 1000190  1000190      1f8     1                 printf
 1000192  1000192        0     1                 
 10001ac  10001ac        0     1                 
 10001be  10001be        0     1                 
 10001e6  10001e6        0     1                 
 10001ea  10001ea        0     1                 
 10001ec  10001ec        0     1                 
 10001f0  10001f0        0     1                 
 10001f8  10001f8        0     1                 
 1000200  1000200        0     1                 
 1000200  1000200        0     1                 
 1000202  1000202        0     1                 
 1000204  1000204        0     1                 
 1000208  1000208        0     1                 
 100020a  100020a        0     1                 
 100021a  100021a        0     1                 
 1000226  1000226        0     1                 
 100022a  100022a        0     1                 
 100022c  100022c        0     1                 
 1000232  1000232        0     1                 
 100023a  100023a        0     1                 
 100023a  100023a        0     1                 
 1000244  1000244        0     1                 
 1000244  1000244        0     1                 
 1000248  1000248        0     1                 
 100024e  100024e        0     1                 
 1000256  1000256        0     1                 
 1000256  1000256        0     1                 
 100025a  100025a        0     1                 
 100025c  100025c        0     1                 
 1000262  1000262        0     1                 
 100026a  100026a        0     1                 
 100026a  100026a        0     1                 
 100026e  100026e        0     1                 
 1000270  1000270        0     1                 
 1000276  1000276        0     1                 
 100027e  100027e        0     1                 
 100027e  100027e        0     1                 
 1000282  1000282        0     1                 
 1000284  1000284        0     1                 
 100028a  100028a        0     1                 
 1000292  1000292        0     1                 
 1000292  1000292        0     1                 
 1000296  1000296        0     1                 
 1000298  1000298        0     1                 
 100029e  100029e        0     1                 
 10002a6  10002a6        0     1                 
 10002a6  10002a6        0     1                 
 10002aa  10002aa        0     1                 
 10002ac  10002ac        0     1                 
 10002b2  10002b2        0     1                 
 10002ba  10002ba        0     1                 
 10002ba  10002ba        0     1                 
 10002be  10002be        0     1                 
 10002c0  10002c0        0     1                 
 10002c6  10002c6        0     1                 
 10002ce  10002ce        0     1                 
 10002ce  10002ce        0     1                 
 10002d2  10002d2        0     1                 
 10002d8  10002d8        0     1                 
 10002d8  10002d8        0     1                 
 10002e0  10002e0        0     1                 
 10002e0  10002e0        0     1                 
 10002e2  10002e2        0     1                 
 10002e4  10002e4        0     1                 
 10002e4  10002e4        0     1                 
 10002ee  10002ee        0     1                 
 10002f2  10002f2        0     1                 
 10002fa  10002fa        0     1                 
 1000306  1000306        0     1                 
 1000306  1000306        0     1                 
 100030a  100030a        0     1                 
 1000310  1000310        0     1                 
 1000310  1000310        0     1                 
 100031c  100031c        0     1                 
 100031c  100031c        0     1                 
 1000320  1000320        0     1                 
 1000322  1000322        0     1                 
 1000326  1000326        0     1                 
 1000328  1000328        0     1                 
 100032c  100032c        0     1                 
 1000330  1000330        0     1                 
 1000334  1000334        0     1                 
 1000336  1000336        0     1                 
 100033a  100033a        0     1                 
 100033e  100033e        0     1                 
 100034a  100034a        0     1                 
 100034a  100034a        0     1                 
 1000352  1000352        0     1                 
 1000358  1000358        0     1                 
 100035e  100035e        0     1                 
 100036a  100036a        0     1                 
 100036a  100036a        0     1                 
 1000388  1000388        0     1                 
 1000388  1000388        0     1                 
 1000388  1000388        0     1                 
 1000388  1000388        0     1                 
 1000388  1000388        0     1                 
 1000388  1000388        0     1                 
 1000388  1000388       14     1                 memset
 100038a  100038a        0     1                 
 100038c  100038c        0     1                 
 100038e  100038e        0     1                 
 1000392  1000392        0     1                 
 1000396  1000396        0     1                 
 1000398  1000398        0     1                 
 100039a  100039a        0     1                 
 100039c  100039c        0     1                 
 100039c  100039c        0     1                 
 100039c  100039c        0     1                 
 100039c  100039c        0     1                 
 100039c  100039c        0     1                 
 100039c  100039c        0     1                 
 100039c  100039c       1a     1                 memcpy
 100039e  100039e        0     1                 
 10003a0  10003a0        0     1                 
 10003a4  10003a4        0     1                 
 10003a6  10003a6        0     1                 
 10003a8  10003a8        0     1                 
 10003ac  10003ac        0     1                 
 10003b0  10003b0        0     1                 
 10003b2  10003b2        0     1                 
 10003b4  10003b4        0     1                 
 10003b6  10003b6        0     1                 
 10003b6  10003b6        0     1                 
 10003b6  10003b6        0     1                 
 10003b6  10003b6        0     1                 
 10003b6  10003b6        0     1                 
 10003b6  10003b6        0     1                 
 10003b6  10003b6       24     1                 strcpy
 10003bc  10003bc        0     1                 
 10003c0  10003c0        0     1                 
 10003c2  10003c2        0     1                 
 10003c6  10003c6        0     1                 
 10003ca  10003ca        0     1                 
 10003ce  10003ce        0     1                 
 10003d0  10003d0        0     1                 
 10003d2  10003d2        0     1                 
 10003d4  10003d4        0     1                 
 10003d8  10003d8        0     1                 
 10003da  10003da        0     1                 
 10003da  10003da        0     1                 
 10003da  10003da        0     1                 
 10003da  10003da        0     1                 
 10003da  10003da        0     1                 
 10003da  10003da        0     1                 
 10003da  10003da       38     1                 strcmp
 10003de  10003de        0     1                 
 10003e0  10003e0        0     1                 
 10003e2  10003e2        0     1                 
 10003e6  10003e6        0     1                 
 10003f4  10003f4        0     1                 
 10003f8  10003f8        0     1                 
 10003fc  10003fc        0     1                 
 10003fe  10003fe        0     1                 
 1000402  1000402        0     1                 
 1000404  1000404        0     1                 
 1000408  1000408        0     1                 
 100040c  100040c        0     1                 
 1000410  1000410        0     1                 
 1000412  1000412        0     1                 
 1000412  1000412        0     1                 
 1000414  1000414       6a     4 .rodata
 1000414  1000414       6a     1         <internal>:(.rodata)
 1000480  1000480    10000     4 .bss
 1000480  1000480        0     1         . = ALIGN ( 16 )
 1000480  1000480    10000     1         . += 64 * 1024
 1010480  1010480        0     1         __stack_top = .
 1010480  1010480        0     1         
       0        0      345     1 .debug_loclists
       0        0       33     1         /tmp/shell-eba7dc.o:(.debug_loclists)
       c        c        0     1                 
      33       33       d9     1         /tmp/user-f914fe.o:(.debug_loclists)
      3f       3f        0     1                 
     10c      10c      239     1         /tmp/common-8a9829.o:(.debug_loclists)
     118      118        0     1                 
       0        0      335     1 .debug_abbrev
       0        0      114     1         /tmp/shell-eba7dc.o:(.debug_abbrev)
     114      114      11c     1         /tmp/user-f914fe.o:(.debug_abbrev)
     230      230      105     1         /tmp/common-8a9829.o:(.debug_abbrev)
       0        0      52d     1 .debug_info
       0        0      119     1         /tmp/shell-eba7dc.o:(.debug_info)
     119      119      1fc     1         /tmp/user-f914fe.o:(.debug_info)
     315      315      218     1         /tmp/common-8a9829.o:(.debug_info)
       0        0       4c     1 .debug_rnglists
       0        0       1a     1         /tmp/shell-eba7dc.o:(.debug_rnglists)
       c        c        0     1                 
      1a       1a       17     1         /tmp/user-f914fe.o:(.debug_rnglists)
      26       26        0     1                 
      31       31       1b     1         /tmp/common-8a9829.o:(.debug_rnglists)
      3d       3d        0     1                 
       0        0      134     1 .debug_str_offsets
       0        0       4c     1         /tmp/shell-eba7dc.o:(.debug_str_offsets)
       8        8        0     1                 
      4c       4c       58     1         /tmp/user-f914fe.o:(.debug_str_offsets)
      54       54        0     1                 
      a4       a4       90     1         /tmp/common-8a9829.o:(.debug_str_offsets)
      ac       ac        0     1                 
       0        0      178     1 .debug_str
       0        0      178     1         <internal>:(.debug_str)
       0        0       c4     1 .debug_addr
       0        0       48     1         /tmp/shell-eba7dc.o:(.debug_addr)
       8        8        0     1                 
      48       48       20     1         /tmp/user-f914fe.o:(.debug_addr)
      50       50        0     1                 
      68       68       5c     1         /tmp/common-8a9829.o:(.debug_addr)
      70       70        0     1                 
       0        0       37     1 .comment
       0        0       37     1         <internal>:(.comment)
       0        0       2b     1 .riscv.attributes
       0        0       2b     1         /tmp/shell-eba7dc.o:(.riscv.attributes)
       0        0      13c     4 .debug_frame
       0        0       44     4         /tmp/shell-eba7dc.o:(.debug_frame)
       0        0        0     1                 
      44       44       74     4         /tmp/user-f914fe.o:(.debug_frame)
      44       44        0     1                 
      b8       b8       84     4         /tmp/common-8a9829.o:(.debug_frame)
      b8       b8        0     1                 
       0        0      67f     1 .debug_line
       0        0      150     1         /tmp/shell-eba7dc.o:(.debug_line)
       0        0        0     1                 .Lline_table_start0
     150      150       dd     1         /tmp/user-f914fe.o:(.debug_line)
     150      150        0     1                 .Lline_table_start0
     22d      22d      452     1         /tmp/common-8a9829.o:(.debug_line)
     22d      22d        0     1                 .Lline_table_start0
       0        0       3f     1 .debug_line_str
       0        0       3f     1         <internal>:(.debug_line_str)
       0        0     1690     4 .symtab
       0        0     1690     4         <internal>:(.symtab)
       0        0       d6     1 .shstrtab
       0        0       d6     1         <internal>:(.shstrtab)
       0        0       ba     1 .strtab
       0        0       ba     1         <internal>:(.strtab)
